// Jest Snapshot v1, https://goo.gl/fbAQLP

exports[`Listing Component matches snapshot 1`] = `[Function]`;
